[    0.000000] Linux version 6.1.89 (ltrunk@chidou-01.archlab.internal) (riscv64-unknown-linux-gnu-gcc (g5115c7e447) 15.2.0, GNU ld (GNU Binutils) 2.46) #16 SMP Wed Apr 15 18:26:18 JST 2026
[    0.000000] OF: fdt: Ignoring memory range 0x80000000 - 0x80400000
[    0.000000] Machine model: simrv,virt-rv32
[    0.000000] earlycon: uart8250 at MMIO 0x10000000 (options '')
[    0.000000] printk: bootconsole [uart8250] enabled
[    0.000000] printk: debug: ignoring loglevel setting.
[    0.000000] efi: UEFI not found.
[    0.000000] Zone ranges:
[    0.000000]   Normal   [mem 0x0000000080400000-0x0000000083ffffff]
[    0.000000] Movable zone start for each node
[    0.000000] Early memory node ranges
[    0.000000]   node   0: [mem 0x0000000080400000-0x0000000083ffffff]
[    0.000000] Initmem setup node 0 [mem 0x0000000080400000-0x0000000083ffffff]
[    0.000000] SBI specification v0.3 detected
[    0.000000] SBI implementation ID=0x1 Version=0x1
[    0.000000] SBI TIME extension detected
[    0.000000] SBI RFENCE extension detected
[    0.000000] SBI HSM extension detected
[    0.000000] riscv: base ISA extensions cg
[    0.000000] riscv: ELF capabilities c
[    0.000000] percpu: Embedded 13 pages/cpu s22368 r8192 d22688 u53248
[    0.000000] pcpu-alloc: s22368 r8192 d22688 u53248 alloc=13*4096
[    0.000000] pcpu-alloc: [0] 0 
[    0.000000] Built 1 zonelists, mobility grouping on.  Total pages: 15225
[    0.000000] Kernel command line: console=ttyS0,115200 earlycon=uart8250,mmio,0x10000000 root=/dev/vda rw ignore_loglevel loglevel=8
[    0.000000] Dentry cache hash table entries: 8192 (order: 3, 32768 bytes, linear)
[    0.000000] Inode-cache hash table entries: 4096 (order: 2, 16384 bytes, linear)
[    0.000000] mem auto-init: stack:all(zero), heap alloc:off, heap free:off
[    0.000000] Virtual kernel memory layout:
[    0.000000]       fixmap : 0x9c800000 - 0x9d000000   (8192 kB)
[    0.000000]       pci io : 0x9d000000 - 0x9e000000   (  16 MB)
[    0.000000]      vmemmap : 0x9e000000 - 0xa0000000   (  32 MB)
[    0.000000]      vmalloc : 0xa0000000 - 0xc0000000   ( 512 MB)
[    0.000000]       lowmem : 0xc0000000 - 0xc3c00000   (  60 MB)
[    0.000000] Memory: 35136K/61440K available (7740K kernel code, 8859K rwdata, 4096K rodata, 4169K init, 327K bss, 26304K reserved, 0K cma-reserved)
[    0.000000] SLUB: HWalign=64, Order=0-3, MinObjects=0, CPUs=1, Nodes=1
[    0.000000] rcu: Hierarchical RCU implementation.
[    0.000000] rcu: 	RCU restricting CPUs from NR_CPUS=64 to nr_cpu_ids=1.
[    0.000000] rcu: 	RCU debug extended QS entry/exit.
[    0.000000] 	Tracing variant of Tasks RCU enabled.
[    0.000000] rcu: RCU calculated value of scheduler-enlistment delay is 25 jiffies.
[    0.000000] rcu: Adjusting geometry for rcu_fanout_leaf=16, nr_cpu_ids=1
[    0.000000] NR_IRQS: 64, nr_irqs: 64, preallocated irqs: 0
[    0.000000] riscv-intc: 32 local interrupts mapped
[    0.000000] plic: interrupt-controller@50000000: mapped 2 interrupts with 0 handlers for 1 contexts.
[    0.000000] rcu: srcu_init: Setting srcu_struct sizes based on contention.
[    0.000000] riscv-timer: riscv_timer_init_dt: Registering clocksource cpuid [0] hartid [0]
[    0.000000] clocksource: riscv_clocksource: mask: 0xffffffffffffffff max_cycles: 0x24e6a1710, max_idle_ns: 440795202120 ns
[    0.000043] sched_clock: 64 bits at 10MHz, resolution 100ns, wraps every 4398046511100ns
[    0.010250] Console: colour dummy device 80x25
[    0.012311] Calibrating delay loop (skipped), value calculated using timer frequency.. 20.00 BogoMIPS (lpj=40000)
[    0.014374] pid_max: default: 32768 minimum: 301
[    0.020609] LSM: Security Framework initializing
[    0.026967] Mount-cache hash table entries: 1024 (order: 0, 4096 bytes, linear)
[    0.028761] Mountpoint-cache hash table entries: 1024 (order: 0, 4096 bytes, linear)
[    0.125477] cblist_init_generic: Setting adjustable number of callback queues.
[    0.126775] cblist_init_generic: Setting shift to 0 and lim to 1.
[    0.133606] ASID allocator using 9 bits (512 entries)
[    0.141207] rcu: Hierarchical SRCU implementation.
[    0.142172] rcu: 	Max phase no-delay instances is 1000.
[    0.155882] EFI services will not be available.
[    0.170090] smp: Bringing up secondary CPUs ...
[    0.171035] smp: Brought up 1 node, 1 CPU
[    0.189940] devtmpfs: initialized
[    0.248591] clocksource: jiffies: mask: 0xffffffff max_cycles: 0xffffffff, max_idle_ns: 7645041785100000 ns
[    0.250672] futex hash table entries: 256 (order: 2, 16384 bytes, linear)
[    0.258818] pinctrl core: initialized pinctrl subsystem
[    0.335357] NET: Registered PF_NETLINK/PF_ROUTE protocol family
[    0.344301] DMA: preallocated 128 KiB GFP_KERNEL pool for atomic allocations
[    0.347330] audit: initializing netlink subsys (disabled)
[    0.375071] audit: type=2000 audit(0.000:1): state=initialized audit_enabled=0 res=1
[    0.377387] cpuidle: using governor menu
[    1.015397] HugeTLB: registered 4.00 MiB page size, pre-allocated 0 pages
[    1.016699] HugeTLB: 0 KiB vmemmap can be freed for a 4.00 MiB page
[    1.042525] iommu: Default domain type: Translated 
[    1.043588] iommu: DMA domain TLB invalidation policy: strict mode 
[    1.062638] SCSI subsystem initialized
[    1.071996] libata version 3.00 loaded.
[    1.083372] usbcore: registered new interface driver usbfs
[    1.086798] usbcore: registered new interface driver hub
[    1.089459] usbcore: registered new device driver usb
[    1.141184] vgaarb: loaded
[    1.147280] clocksource: Switched to clocksource riscv_clocksource
[    1.705622] NET: Registered PF_INET protocol family
[    1.719010] IP idents hash table entries: 2048 (order: 2, 16384 bytes, linear)
[    1.771273] tcp_listen_portaddr_hash hash table entries: 256 (order: 0, 5120 bytes, linear)
[    1.774046] Table-perturb hash table entries: 65536 (order: 6, 262144 bytes, linear)
[    1.775971] TCP established hash table entries: 1024 (order: 0, 4096 bytes, linear)
[    1.779122] TCP bind hash table entries: 1024 (order: 3, 40960 bytes, linear)
[    1.786698] TCP: Hash tables configured (established 1024 bind 1024)
[    1.790335] UDP hash table entries: 256 (order: 1, 12288 bytes, linear)
[    1.793988] UDP-Lite hash table entries: 256 (order: 1, 12288 bytes, linear)
[    1.803425] NET: Registered PF_UNIX/PF_LOCAL protocol family
[    1.823796] RPC: Registered named UNIX socket transport module.
[    1.824961] RPC: Registered udp transport module.
[    1.825981] RPC: Registered tcp transport module.
[    1.827002] RPC: Registered tcp NFSv4.1 backchannel transport module.
[    1.828397] PCI: CLS 0 bytes, default 64
[    1.883237] workingset: timestamp_bits=14 max_order=14 bucket_order=0
[    2.449853] NFS: Registering the id_resolver key type
[    2.452833] Key type id_resolver registered
[    2.453795] Key type id_legacy registered
[    2.460881] nfs4filelayout_init: NFSv4 File Layout Driver Registering...
[    2.462167] nfs4flexfilelayout_init: NFSv4 Flexfile Layout Driver Registering...
[    2.471957] 9p: Installing v9fs 9p2000 file system support
[    2.494682] NET: Registered PF_ALG protocol family
[    2.502942] Block layer SCSI generic (bsg) driver version 0.4 loaded (major 250)
[    2.504566] io scheduler mq-deadline registered
[    2.505623] io scheduler kyber registered
[    5.868766] Serial: 8250/16550 driver, 4 ports, IRQ sharing disabled
[    5.946627] printk: console [ttyS0] disabled
[    5.950974] 10000000.serial: ttyS0 at MMIO 0x10000000 (irq = 1, base_baud = 230400) is a 16550A
[    5.953704] printk: console [ttyS0] enabled
[    5.953704] printk: console [ttyS0] enabled
[    5.955613] printk: bootconsole [uart8250] disabled
[    5.955613] printk: bootconsole [uart8250] disabled
[    6.390795] loop: module loaded
[    6.393756] virtio_blk virtio1: 1/0/0 default/read/poll queues
[    6.405826] virtio_blk virtio1: [vda] 0 512-byte logical blocks (0 B/0 B)
[    6.555656] e1000e: Intel(R) PRO/1000 Network Driver
[    6.556895] e1000e: Copyright(c) 1999 - 2015 Intel Corporation.
[    6.584805] usbcore: registered new interface driver uas
[    6.588928] usbcore: registered new interface driver usb-storage
[    6.600686] mousedev: PS/2 mouse device common for all mice
[    6.626825] sdhci: Secure Digital Host Controller Interface driver
[    6.628281] sdhci: Copyright(c) Pierre Ossman
[    6.630805] sdhci-pltfm: SDHCI platform and OF driver helper
[    6.642734] usbcore: registered new interface driver usbhid
[    6.644177] usbhid: USB HID core driver
[    6.691297] NET: Registered PF_INET6 protocol family
[    6.746433] Segment Routing with IPv6
[    6.751852] In-situ OAM (IOAM) with IPv6
[    6.757196] sit: IPv6, IPv4 and MPLS over IPv4 tunneling driver
[    6.793272] NET: Registered PF_PACKET protocol family
[    6.805129] 9pnet: Installing 9P2000 support
[    6.811164] Key type dns_resolver registered
[    6.812633] start plist test
[    7.272496] end plist test
[    7.297673] debug_vm_pgtable: [debug_vm_pgtable         ]: Validating architecture page table helpers
[    7.385491] Legacy PMU implementation is available
[    7.393931] clk: Disabling unused clocks
__ SimCore/RISC-V Functional Simulator v2.0.0-alpha.5 (phase-3/xlen-slice1@0dbf181a0762)
__ Please type Control+'q' to quit the simulation

__ generate trace file: tracepc.txt


__finished by -e option
__ Elapsed clocks (mtime)   :   499999999
__ Executed instructions    :   499999997
__ Executed uc_instructions :           0
__ Fetched compressed insns :   321561534
__ Elapsed time (usec)      :   534325105
__ Simulation speed (KIPS)  :         935
